PASS checksum mixing count known answer
PASS checksum mixing count known answer
PASS checksum mixing count known answer
PASS checksum mixing count known answer
PASS checksum mixing count known answer
PASS checksum mixing count known answer
PASS checksum mixing count known answer
PASS checksum mixing count known answer
PASS DWORD initial product and sum wrap before widening
[2026-10-09 02:33:46.242] [info] [audit] login uid=0 char=42 ch=0 ver=0 result=0 corr=0
PASS login audit retains existing binary layout
PASS login audit sink redacts token without mutating caller
[2026-10-09 02:33:46.242] [info] [audit] char_load char=42 user=0 latency_us=0 result=0 corr=0
PASS load audit retains existing binary layout
PASS load audit sink redacts token before UDP transport
PASS rejected admission closes socket
PASS source CN result and empty server list exact bytes
PASS invalid framing/version/checksum or unavailable World never touches database
PASS failed admission reserves no character
PASS rejected admission closes socket
PASS malformed/checksum request has no ACK
PASS invalid framing/version/checksum or unavailable World never touches database
PASS failed admission reserves no character
PASS rejected admission closes socket
PASS malformed/checksum request has no ACK
PASS invalid framing/version/checksum or unavailable World never touches database
PASS failed admission reserves no character
PASS rejected admission closes socket
PASS malformed/checksum request has no ACK
PASS invalid framing/version/checksum or unavailable World never touches database
PASS failed admission reserves no character
[2026-10-09 02:33:46.251] [info] CS_CONNECT_REQ uid=17 char=43 result=2
PASS rejected admission closes socket
PASS source CN result and empty server list exact bytes
PASS failed admission reserves no character
[2026-10-09 02:33:46.253] [info] CS_CONNECT_REQ uid=17 char=42 result=5
PASS rejected admission closes socket
PASS source CN result and empty server list exact bytes
PASS invalid framing/version/checksum or unavailable World never touches database
PASS failed admission reserves no character
[2026-10-09 02:33:46.255] [info] CS_CONNECT_REQ uid=17 char=42 result=1
PASS rejected admission closes socket
PASS source CN result and empty server list exact bytes
PASS failed admission reserves no character
PASS rejected admission closes socket
PASS source CN result and empty server list exact bytes
PASS invalid framing/version/checksum or unavailable World never touches database
PASS failed admission reserves no character
[2026-10-09 02:33:46.259] [info] CS_CONNECT_REQ uid=17 char=42 result=5
PASS rejected admission closes socket
PASS source CN result and empty server list exact bytes
PASS invalid framing/version/checksum or unavailable World never touches database
PASS failed admission reserves no character
[2026-10-09 02:33:46.262] [info] CS_CONNECT_REQ uid=17 char=42 result=2
FAIL unannounced claim failure sends neither ADDCHAR nor CLOSECHAR to World
PASS failed durable claim completes teardown
PASS claim rejection or exception preserves exact client error
