=== tnetlib AsioSession tests ===
[echo roundtrip on ephemeral port]
  PASS  listener bound to ephemeral port
  PASS  client connected
  PASS  client wrote all bytes
  PASS  client read same byte count back
  PASS  echoed bytes match original
[full packet round-trip via codec]
  PASS  listener bound to ephemeral port
  PASS  client connected
  PASS  received all three echoed packets
  PASS  packet 0 wId matches
  PASS  packet 0 body matches
  PASS  packet 1 wId matches
  PASS  packet 1 body matches
  PASS  packet 2 wId matches
  PASS  packet 2 body matches
[full packet round-trip via RC4 + codec]
  PASS  listener bound
  PASS  fake-client connected
  PASS  received both echoed packets through RC4 layer
  PASS  packet 0 wId + body match after RC4 round-trip
  PASS  packet 1 wId + body match after RC4 round-trip
[error logger fires on protocol error]
  PASS  listener bound to ephemeral port
  PASS  client connected
  PASS  logger captured at least one message
  PASS  captured message is a 'recv:' diagnostic
[SendPacket rejects oversized body]
  PASS  logger captured oversize-body diagnostic
  PASS  captured message is a 'send:' diagnostic
[concurrent SendPacket serializes via internal queue]
  PASS  listener bound
  PASS  server received every packet (no sequence/checksum failure)
  PASS  every wId falls in an expected producer range
  PASS  each producer's packets all arrived
  PASS  each producer arrives in order without duplicates or gaps
[concurrent close with read/write and queue backpressure]
  FAIL  24 close races finish every reader and backpressured producer
  PASS  close is visible immediately and releases the socket on the executor
  PASS  concurrent shutdown does not throw from packet operations

Results: 32 passed, 1 failed
