Test project /src/build/linux-debug
        Start   1: cluster_world_handshake
  1/195 Test   #1: cluster_world_handshake ........................   Passed    0.08 sec
        Start   2: cluster_world_reconnect
  2/195 Test   #2: cluster_world_reconnect ........................   Passed    0.61 sec
        Start   3: tnetlib_crypto_kat
  3/195 Test   #3: tnetlib_crypto_kat .............................   Passed    0.00 sec
        Start   4: tnetlib_asio_echo
  4/195 Test   #4: tnetlib_asio_echo ..............................   Passed    0.37 sec
        Start   5: tnetlib_tls
  5/195 Test   #5: tnetlib_tls ....................................   Passed    0.37 sec
        Start   6: tnetlib_packet_codec
  6/195 Test   #6: tnetlib_packet_codec ...........................   Passed    0.00 sec
        Start   7: tnetlib_messageid
  7/195 Test   #7: tnetlib_messageid ..............................   Passed    0.00 sec
        Start   8: fourstory_mapper
  8/195 Test   #8: fourstory_mapper ...............................   Passed    0.00 sec
        Start   9: fourstory_security
  9/195 Test   #9: fourstory_security .............................   Passed    0.01 sec
        Start  10: fourstory_peer_client_tls
 10/195 Test  #10: fourstory_peer_client_tls ......................   Passed    0.08 sec
        Start  11: fourstory_postgresql_options
 11/195 Test  #11: fourstory_postgresql_options ...................   Passed    0.00 sec
        Start  12: fourstory_postgresql_integration
 12/195 Test  #12: fourstory_postgresql_integration ...............***Skipped   0.00 sec
        Start  13: tloginsvr_asio_handshake
 13/195 Test  #13: tloginsvr_asio_handshake .......................   Passed    0.26 sec
        Start  14: tloginsvr_asio_auth_flow
 14/195 Test  #14: tloginsvr_asio_auth_flow .......................   Passed    0.09 sec
        Start  15: tloginsvr_asio_duplicate_kick
 15/195 Test  #15: tloginsvr_asio_duplicate_kick ..................   Passed    0.31 sec
        Start  16: tloginsvr_asio_start_flow
 16/195 Test  #16: tloginsvr_asio_start_flow ......................   Passed    0.07 sec
        Start  17: tloginsvr_asio_session_terminator
 17/195 Test  #17: tloginsvr_asio_session_terminator ..............   Passed    0.32 sec
        Start  18: tloginsvr_asio_char_flow
 18/195 Test  #18: tloginsvr_asio_char_flow .......................   Passed    0.19 sec
        Start  19: tloginsvr_asio_charname_validator
 19/195 Test  #19: tloginsvr_asio_charname_validator ..............   Passed    0.00 sec
        Start  20: tloginsvr_asio_event_registry
 20/195 Test  #20: tloginsvr_asio_event_registry ..................   Passed    0.00 sec
        Start  21: tloginsvr_asio_control_gate
 21/195 Test  #21: tloginsvr_asio_control_gate ....................   Passed    0.51 sec
        Start  22: tloginsvr_asio_shutdown_sweep
 22/195 Test  #22: tloginsvr_asio_shutdown_sweep ..................   Passed    0.03 sec
        Start  23: tloginsvr_asio_site_code
 23/195 Test  #23: tloginsvr_asio_site_code .......................   Passed    0.22 sec
        Start  24: tloginsvr_asio_rc4_secret_length
 24/195 Test  #24: tloginsvr_asio_rc4_secret_length ...............   Passed    0.00 sec
        Start  25: tloginsvr_asio_soci_auth
 25/195 Test  #25: tloginsvr_asio_soci_auth .......................   Passed    0.00 sec
        Start  26: tloginsvr_asio_soci_char
 26/195 Test  #26: tloginsvr_asio_soci_char .......................   Passed    0.00 sec
        Start  27: tloginsvr_asio_soci_map
 27/195 Test  #27: tloginsvr_asio_soci_map ........................   Passed    0.00 sec
        Start  28: tloginsvr_asio_soci_session_terminator
 28/195 Test  #28: tloginsvr_asio_soci_session_terminator .........   Passed    0.00 sec
        Start  29: tloginsvr_asio_wire_e2e_soci
 29/195 Test  #29: tloginsvr_asio_wire_e2e_soci ...................   Passed    0.01 sec
        Start  30: tloginsvr_postgresql_auth
 30/195 Test  #30: tloginsvr_postgresql_auth ......................***Skipped   0.01 sec
        Start  31: tloginsvr_postgresql_char
 31/195 Test  #31: tloginsvr_postgresql_char ......................***Skipped   0.01 sec
        Start  32: tloginsvr_postgresql_handoff
 32/195 Test  #32: tloginsvr_postgresql_handoff ...................***Skipped   0.01 sec
        Start  33: tpatchsvr_asio_stale_sweep
 33/195 Test  #33: tpatchsvr_asio_stale_sweep .....................   Passed    0.24 sec
        Start  34: tpatchsvr_asio_handlers_wire
 34/195 Test  #34: tpatchsvr_asio_handlers_wire ...................   Passed    0.00 sec
        Start  35: tpatchsvr_asio_soci_repository
 35/195 Test  #35: tpatchsvr_asio_soci_repository .................   Passed    0.00 sec
        Start  36: tlogsvr_asio_log_decoder
 36/195 Test  #36: tlogsvr_asio_log_decoder .......................   Passed    0.00 sec
        Start  37: tlogsvr_asio_retry_queue
 37/195 Test  #37: tlogsvr_asio_retry_queue .......................   Passed    0.00 sec
        Start  38: tlogsvr_asio_soci_log_sink
 38/195 Test  #38: tlogsvr_asio_soci_log_sink .....................   Passed    0.00 sec
        Start  39: tcontrolsvr_asio_operator_login
 39/195 Test  #39: tcontrolsvr_asio_operator_login ................   Passed    0.17 sec
        Start  40: tcontrolsvr_asio_peer_monitor
 40/195 Test  #40: tcontrolsvr_asio_peer_monitor ..................   Passed    0.05 sec
        Start  41: tcontrolsvr_asio_admin_forwarders
 41/195 Test  #41: tcontrolsvr_asio_admin_forwarders ..............   Passed    0.17 sec
        Start  42: tcontrolsvr_asio_event_scheduler
 42/195 Test  #42: tcontrolsvr_asio_event_scheduler ...............   Passed    0.00 sec
        Start  43: tcontrolsvr_asio_patch_metadata
 43/195 Test  #43: tcontrolsvr_asio_patch_metadata ................   Passed    0.14 sec
        Start  44: tcontrolsvr_asio_wire_parity
 44/195 Test  #44: tcontrolsvr_asio_wire_parity ...................   Passed    0.22 sec
        Start  45: tcontrolsvr_asio_soci_repositories
 45/195 Test  #45: tcontrolsvr_asio_soci_repositories .............   Passed    0.00 sec
        Start  46: tcontrolsvr_asio_admin_shell
 46/195 Test  #46: tcontrolsvr_asio_admin_shell ...................   Passed    0.00 sec
        Start  47: tcontrolsvr_asio_peer_registry
 47/195 Test  #47: tcontrolsvr_asio_peer_registry .................   Passed    0.08 sec
        Start  48: tcontrolsvr_asio_admin_shell_cluster
 48/195 Test  #48: tcontrolsvr_asio_admin_shell_cluster ...........   Passed    2.50 sec
        Start  49: tcontrolsvr_asio_admin_shell_stream
 49/195 Test  #49: tcontrolsvr_asio_admin_shell_stream ............   Passed    0.26 sec
        Start  50: tcontrolsvr_asio_admin_shell_route
 50/195 Test  #50: tcontrolsvr_asio_admin_shell_route .............   Passed    0.00 sec
        Start  51: tcontrolsvr_asio_message_router
 51/195 Test  #51: tcontrolsvr_asio_message_router ................   Passed    0.00 sec
        Start  52: tcontrolsvr_asio_peer_client
 52/195 Test  #52: tcontrolsvr_asio_peer_client ...................   Passed    4.70 sec
        Start  53: tcontrolsvr_asio_control_session_tls
 53/195 Test  #53: tcontrolsvr_asio_control_session_tls ...........   Passed    0.12 sec
        Start  54: tcontrolsvr_asio_hybrid
 54/195 Test  #54: tcontrolsvr_asio_hybrid ........................   Passed    0.11 sec
        Start  55: tcontrolsvr_asio_register_cn
 55/195 Test  #55: tcontrolsvr_asio_register_cn ...................   Passed    0.17 sec
        Start  56: tcontrolsvr_asio_register_san
 56/195 Test  #56: tcontrolsvr_asio_register_san ..................   Passed    0.33 sec
        Start  57: tcontrolsvr_asio_peer_dialer_cn
 57/195 Test  #57: tcontrolsvr_asio_peer_dialer_cn ................   Passed    0.01 sec
        Start  58: tcontrolsvr_asio_co_offload
 58/195 Test  #58: tcontrolsvr_asio_co_offload ....................   Passed    0.02 sec
        Start  59: tcontrolsvr_asio_registry_refresher
 59/195 Test  #59: tcontrolsvr_asio_registry_refresher ............   Passed    0.20 sec
        Start  60: tmapsvr_postgresql_map
 60/195 Test  #60: tmapsvr_postgresql_map .........................***Skipped   0.00 sec
        Start  61: tmapsvr_postgresql_catalog
 61/195 Test  #61: tmapsvr_postgresql_catalog .....................***Skipped   0.00 sec
        Start  62: tmapsvr_asio_mapper_profiles
 62/195 Test  #62: tmapsvr_asio_mapper_profiles ...................   Passed    0.00 sec
        Start  63: tmapsvr_asio_world_senders
 63/195 Test  #63: tmapsvr_asio_world_senders .....................   Passed    0.00 sec
        Start  64: tmapsvr_asio_world_enter
 64/195 Test  #64: tmapsvr_asio_world_enter .......................   Passed    0.00 sec
        Start  65: tmapsvr_asio_world_enterchar
 65/195 Test  #65: tmapsvr_asio_world_enterchar ...................   Passed    0.00 sec
        Start  66: tmapsvr_asio_client_senders
 66/195 Test  #66: tmapsvr_asio_client_senders ....................   Passed    0.00 sec
        Start  67: tmapsvr_asio_world_checkmain
 67/195 Test  #67: tmapsvr_asio_world_checkmain ...................   Passed    0.00 sec
        Start  68: tmapsvr_asio_world_routelist
 68/195 Test  #68: tmapsvr_asio_world_routelist ...................   Passed    0.00 sec
        Start  69: tmapsvr_asio_spawn_manager
 69/195 Test  #69: tmapsvr_asio_spawn_manager .....................   Passed    0.00 sec
        Start  70: tmapsvr_asio_combat
 70/195 Test  #70: tmapsvr_asio_combat ............................   Passed    0.00 sec
        Start  71: tmapsvr_asio_damage_formula
 71/195 Test  #71: tmapsvr_asio_damage_formula ....................   Passed    0.00 sec
        Start  72: tmapsvr_asio_money
 72/195 Test  #72: tmapsvr_asio_money .............................   Passed    0.00 sec
        Start  73: tmapsvr_asio_skill_cooldown
 73/195 Test  #73: tmapsvr_asio_skill_cooldown ....................   Passed    0.00 sec
        Start  74: tmapsvr_asio_loot
 74/195 Test  #74: tmapsvr_asio_loot ..............................   Passed    0.00 sec
        Start  75: tmapsvr_asio_loot_senders
 75/195 Test  #75: tmapsvr_asio_loot_senders ......................   Passed    0.00 sec
        Start  76: tmapsvr_asio_inventory
 76/195 Test  #76: tmapsvr_asio_inventory .........................   Passed    0.00 sec
        Start  77: tmapsvr_asio_corpse
 77/195 Test  #77: tmapsvr_asio_corpse ............................   Passed    0.00 sec
        Start  78: tmapsvr_asio_loot_take
 78/195 Test  #78: tmapsvr_asio_loot_take .........................   Passed    0.00 sec
        Start  79: tmapsvr_asio_quest_engine
 79/195 Test  #79: tmapsvr_asio_quest_engine ......................   Passed    0.00 sec
        Start  80: tmapsvr_asio_quest_senders
 80/195 Test  #80: tmapsvr_asio_quest_senders .....................   Passed    0.00 sec
        Start  81: tmapsvr_asio_stat_engine
 81/195 Test  #81: tmapsvr_asio_stat_engine .......................   Passed    0.00 sec
        Start  82: tmapsvr_asio_skill_engine
 82/195 Test  #82: tmapsvr_asio_skill_engine ......................   Passed    0.00 sec
        Start  83: tmapsvr_asio_skill_effect
 83/195 Test  #83: tmapsvr_asio_skill_effect ......................   Passed    0.00 sec
        Start  84: tmapsvr_asio_admission
 84/195 Test  #84: tmapsvr_asio_admission .........................   Passed    1.13 sec
        Start  85: tmapsvr_asio_admission_encrypted
 85/195 Test  #85: tmapsvr_asio_admission_encrypted ...............   Passed    1.13 sec
        Start  86: tworldsvr_asio_dispatch
 86/195 Test  #86: tworldsvr_asio_dispatch ........................   Passed    0.19 sec
        Start  87: tworldsvr_asio_session_writes
 87/195 Test  #87: tworldsvr_asio_session_writes ..................   Passed    0.33 sec
        Start  88: tworldsvr_asio_secondary_admission
 88/195 Test  #88: tworldsvr_asio_secondary_admission .............   Passed    0.06 sec
        Start  89: tworldsvr_asio_char_registry
 89/195 Test  #89: tworldsvr_asio_char_registry ...................   Passed    0.02 sec
        Start  90: tworldsvr_asio_char_handlers
 90/195 Test  #90: tworldsvr_asio_char_handlers ...................   Passed    0.28 sec
        Start  91: tworldsvr_asio_guild_registry
 91/195 Test  #91: tworldsvr_asio_guild_registry ..................   Passed    0.01 sec
        Start  92: tworldsvr_asio_guild_handlers
 92/195 Test  #92: tworldsvr_asio_guild_handlers ..................   Passed    0.32 sec
        Start  93: tworldsvr_asio_fake_guild_repo
 93/195 Test  #93: tworldsvr_asio_fake_guild_repo .................   Passed    0.00 sec
        Start  94: tworldsvr_asio_peer_registry
 94/195 Test  #94: tworldsvr_asio_peer_registry ...................   Passed    0.00 sec
        Start  95: tworldsvr_asio_relay_handlers
 95/195 Test  #95: tworldsvr_asio_relay_handlers ..................   Passed    0.24 sec
        Start  96: tworldsvr_asio_char_name_index
 96/195 Test  #96: tworldsvr_asio_char_name_index .................   Passed    0.01 sec
        Start  97: tworldsvr_asio_char_base_handlers
 97/195 Test  #97: tworldsvr_asio_char_base_handlers ..............   Passed    0.40 sec
        Start  98: tworldsvr_asio_rw_lookup_handlers
 98/195 Test  #98: tworldsvr_asio_rw_lookup_handlers ..............   Passed    0.20 sec
        Start  99: tworldsvr_asio_guild_mut_handlers
 99/195 Test  #99: tworldsvr_asio_guild_mut_handlers ..............   Passed    1.90 sec
        Start 100: tworldsvr_asio_guild_level_cache
100/195 Test #100: tworldsvr_asio_guild_level_cache ...............   Passed    0.00 sec
        Start 101: tworldsvr_asio_mapper_profiles
101/195 Test #101: tworldsvr_asio_mapper_profiles .................   Passed    0.00 sec
        Start 102: tworldsvr_asio_guild_peerage
102/195 Test #102: tworldsvr_asio_guild_peerage ...................   Passed    0.00 sec
        Start 103: tworldsvr_asio_guild_wanted_sweep
103/195 Test #103: tworldsvr_asio_guild_wanted_sweep ..............   Passed    0.00 sec
        Start 104: tworldsvr_asio_pvp_aggregate
104/195 Test #104: tworldsvr_asio_pvp_aggregate ...................   Passed    0.00 sec
        Start 105: tworldsvr_asio_tactics_sweep
105/195 Test #105: tworldsvr_asio_tactics_sweep ...................   Passed    0.00 sec
        Start 106: tworldsvr_asio_party_registry
106/195 Test #106: tworldsvr_asio_party_registry ..................   Passed    0.00 sec
        Start 107: tworldsvr_asio_party_handlers
107/195 Test #107: tworldsvr_asio_party_handlers ..................   Passed    0.13 sec
        Start 108: tworldsvr_asio_party_join_handlers
108/195 Test #108: tworldsvr_asio_party_join_handlers .............   Passed    0.17 sec
        Start 109: tworldsvr_asio_party_del_handlers
109/195 Test #109: tworldsvr_asio_party_del_handlers ..............   Passed    0.13 sec
        Start 110: tworldsvr_asio_party_attr_handlers
110/195 Test #110: tworldsvr_asio_party_attr_handlers .............   Passed    0.12 sec
        Start 111: tworldsvr_asio_party_recall_handlers
111/195 Test #111: tworldsvr_asio_party_recall_handlers ...........   Passed    0.12 sec
        Start 112: tworldsvr_asio_party_order_handlers
112/195 Test #112: tworldsvr_asio_party_order_handlers ............   Passed    0.04 sec
        Start 113: tworldsvr_asio_corps_registry
113/195 Test #113: tworldsvr_asio_corps_registry ..................   Passed    0.00 sec
        Start 114: tworldsvr_asio_corps_handlers
114/195 Test #114: tworldsvr_asio_corps_handlers ..................   Passed    0.08 sec
        Start 115: tworldsvr_asio_corps_reply_handlers
115/195 Test #115: tworldsvr_asio_corps_reply_handlers ............   Passed    0.13 sec
        Start 116: tworldsvr_asio_corps_leave_handlers
116/195 Test #116: tworldsvr_asio_corps_leave_handlers ............   Passed    0.14 sec
        Start 117: tworldsvr_asio_corps_commander_handlers
117/195 Test #117: tworldsvr_asio_corps_commander_handlers ........   Passed    0.08 sec
        Start 118: tworldsvr_asio_party_move_handlers
118/195 Test #118: tworldsvr_asio_party_move_handlers .............   Passed    0.04 sec
        Start 119: tworldsvr_asio_corps_cmd_handlers
119/195 Test #119: tworldsvr_asio_corps_cmd_handlers ..............   Passed    0.08 sec
        Start 120: tworldsvr_asio_corps_enemy_handlers
120/195 Test #120: tworldsvr_asio_corps_enemy_handlers ............   Passed    0.08 sec
        Start 121: tworldsvr_asio_friend_handlers
121/195 Test #121: tworldsvr_asio_friend_handlers .................   Passed    0.08 sec
        Start 122: tworldsvr_asio_friend_reply_handlers
122/195 Test #122: tworldsvr_asio_friend_reply_handlers ...........   Passed    0.12 sec
        Start 123: tworldsvr_asio_friend_group_handlers
123/195 Test #123: tworldsvr_asio_friend_group_handlers ...........   Passed    0.04 sec
        Start 124: tworldsvr_asio_friend_list_handlers
124/195 Test #124: tworldsvr_asio_friend_list_handlers ............   Passed    0.04 sec
        Start 125: tworldsvr_asio_chat_handlers
125/195 Test #125: tworldsvr_asio_chat_handlers ...................   Passed    0.13 sec
        Start 126: tworldsvr_asio_soulmate_handlers
126/195 Test #126: tworldsvr_asio_soulmate_handlers ...............   Passed    0.04 sec
        Start 127: tworldsvr_asio_friend_presence_handlers
127/195 Test #127: tworldsvr_asio_friend_presence_handlers ........   Passed    0.08 sec
        Start 128: tworldsvr_asio_region_handlers
128/195 Test #128: tworldsvr_asio_region_handlers .................   Passed    0.05 sec
        Start 129: tworldsvr_asio_levelup_handlers
129/195 Test #129: tworldsvr_asio_levelup_handlers ................   Passed    0.09 sec
        Start 130: tworldsvr_asio_charstat_handlers
130/195 Test #130: tworldsvr_asio_charstat_handlers ...............   Passed    0.08 sec
        Start 131: tworldsvr_asio_tms_handlers
131/195 Test #131: tworldsvr_asio_tms_handlers ....................   Passed    0.17 sec
        Start 132: tworldsvr_asio_tms_logout_handlers
132/195 Test #132: tworldsvr_asio_tms_logout_handlers .............   Passed    0.08 sec
        Start 133: tworldsvr_asio_post_handlers
133/195 Test #133: tworldsvr_asio_post_handlers ...................   Passed    0.08 sec
        Start 134: tworldsvr_asio_appearance_handlers
134/195 Test #134: tworldsvr_asio_appearance_handlers .............***Failed    1.09 sec
[2026-10-09 02:19:52.250] [info] world_server: accept from 127.0.0.1
[2026-10-09 02:19:52.250] [info] world_server: accept from 127.0.0.1
[2026-10-09 02:19:52.270] [info] OnRelaysvrReq[127.0.0.1]: wID=66 registered as map peer (nation=0, registry_size=1)
[2026-10-09 02:19:52.270] [info] OnRelaysvrReq[127.0.0.1]: wID=67 registered as map peer (nation=0, registry_size=2)
[2026-10-09 02:19:52.270] [info] OnRelaysvrReq[127.0.0.1]: broadcast RELAYCONNECT to 1 other peer(s)
[2026-10-09 02:19:52.270] [info] OnAddCharAck[127.0.0.1]: char_id=42 user_id=100 server_id=66 ip=1.0.0.127:33500 — registered (total=1, active_users=1)
FAIL /src/Server/TWorldSvrAsio/tests/test_appearance_handlers.cpp:145 c->cons.size() == 2
FAIL /src/Server/TWorldSvrAsio/tests/test_appearance_handlers.cpp:158 w == ToUint16(MessageId::MW_PETRIDING_REQ)
FAIL /src/Server/TWorldSvrAsio/tests/test_appearance_handlers.cpp:162 riding == 0x1234
FAIL /src/Server/TWorldSvrAsio/tests/test_appearance_handlers.cpp:166 c->riding == 0x1234
[2026-10-09 02:19:53.319] [info] OnSmDelSessionReq[127.0.0.1]: non-map sender wID=0x0042 — closing session only (legacy parity)
[2026-10-09 02:19:53.319] [info] world_server: wID=66 unregistered from peer registry
[2026-10-09 02:19:53.319] [info] world_server: peer 127.0.0.1 disconnected
FAIL test_tworldsvr_asio_appearance_handlers (4 failures)

        Start 135: tworldsvr_asio_friend_load_handlers
135/195 Test #135: tworldsvr_asio_friend_load_handlers ............   Passed    0.04 sec
        Start 136: tworldsvr_asio_friend_persist_handlers
136/195 Test #136: tworldsvr_asio_friend_persist_handlers .........   Passed    0.07 sec
        Start 137: tworldsvr_asio_friend_edge_handlers
137/195 Test #137: tworldsvr_asio_friend_edge_handlers ............   Passed    0.14 sec
        Start 138: tworldsvr_asio_soulmate_persist_handlers
138/195 Test #138: tworldsvr_asio_soulmate_persist_handlers .......   Passed    0.10 sec
        Start 139: tworldsvr_asio_chatban_handlers
139/195 Test #139: tworldsvr_asio_chatban_handlers ................   Passed    0.08 sec
        Start 140: tworldsvr_asio_entersvr_handlers
140/195 Test #140: tworldsvr_asio_entersvr_handlers ...............   Passed    0.08 sec
        Start 141: tworldsvr_asio_occupy_handlers
141/195 Test #141: tworldsvr_asio_occupy_handlers .................   Passed    0.04 sec
        Start 142: tworldsvr_asio_castle_apply_handlers
142/195 Test #142: tworldsvr_asio_castle_apply_handlers ...........   Passed    0.08 sec
        Start 143: tworldsvr_asio_castle_occupy_reset_handlers
143/195 Test #143: tworldsvr_asio_castle_occupy_reset_handlers ....   Passed    0.08 sec
        Start 144: tworldsvr_asio_battlestatus_handlers
144/195 Test #144: tworldsvr_asio_battlestatus_handlers ...........   Passed    0.04 sec
        Start 145: tworldsvr_asio_event_handlers
145/195 Test #145: tworldsvr_asio_event_handlers ..................   Passed    0.09 sec
        Start 146: tworldsvr_asio_event_replay_handlers
146/195 Test #146: tworldsvr_asio_event_replay_handlers ...........   Passed    0.06 sec
        Start 147: tworldsvr_asio_cashshop_handlers
147/195 Test #147: tworldsvr_asio_cashshop_handlers ...............   Passed    0.23 sec
        Start 148: tworldsvr_asio_bow_scheduler_handlers
148/195 Test #148: tworldsvr_asio_bow_scheduler_handlers ..........   Passed    0.24 sec
        Start 149: tworldsvr_asio_tournament_match_handlers
149/195 Test #149: tworldsvr_asio_tournament_match_handlers .......   Passed    0.33 sec
        Start 150: tworldsvr_asio_tournament_player_handlers
150/195 Test #150: tworldsvr_asio_tournament_player_handlers ......   Passed    0.45 sec
        Start 151: tworldsvr_asio_tournament_tick_handlers
151/195 Test #151: tworldsvr_asio_tournament_tick_handlers ........   Passed    0.25 sec
        Start 152: tworldsvr_asio_tournament_handlers
152/195 Test #152: tworldsvr_asio_tournament_handlers .............   Passed    0.12 sec
        Start 153: tworldsvr_asio_rps_persist_handlers
153/195 Test #153: tworldsvr_asio_rps_persist_handlers ............   Passed    0.08 sec
        Start 154: tworldsvr_asio_evqt_expired_handlers
154/195 Test #154: tworldsvr_asio_evqt_expired_handlers ...........   Passed    0.13 sec
        Start 155: tworldsvr_asio_lottery_handlers
155/195 Test #155: tworldsvr_asio_lottery_handlers ................   Passed    0.17 sec
        Start 156: tworldsvr_asio_eventquarter_handlers
156/195 Test #156: tworldsvr_asio_eventquarter_handlers ...........   Passed    0.09 sec
        Start 157: tworldsvr_asio_cmgift_handlers
157/195 Test #157: tworldsvr_asio_cmgift_handlers .................   Passed    0.15 sec
        Start 158: tworldsvr_asio_castlewarinfo_handlers
158/195 Test #158: tworldsvr_asio_castlewarinfo_handlers ..........   Passed    0.12 sec
        Start 159: tworldsvr_asio_war_extras_handlers
159/195 Test #159: tworldsvr_asio_war_extras_handlers .............   Passed    0.16 sec
        Start 160: tworldsvr_asio_monthrank_rollover_handlers
160/195 Test #160: tworldsvr_asio_monthrank_rollover_handlers .....   Passed    0.14 sec
        Start 161: tworldsvr_asio_monthrank_handlers
161/195 Test #161: tworldsvr_asio_monthrank_handlers ..............***Failed    0.21 sec
[2026-10-09 02:19:56.949] [info] world_server: accept from 127.0.0.1
[2026-10-09 02:19:56.949] [info] world_server: accept from 127.0.0.1
[2026-10-09 02:19:56.969] [info] OnRelaysvrReq[127.0.0.1]: wID=1090 registered as map peer (nation=0, registry_size=1)
[2026-10-09 02:19:57.010] [info] OnRelaysvrReq[127.0.0.1]: wID=1091 registered as map peer (nation=0, registry_size=2)
[2026-10-09 02:19:57.010] [info] OnRelaysvrReq[127.0.0.1]: broadcast RELAYCONNECT to 1 other peer(s)
[2026-10-09 02:19:57.052] [info] OnAddCharAck[127.0.0.1]: char_id=900 user_id=700 server_id=66 ip=1.0.0.127:33500 — registered (total=1, active_users=1)
FAIL /src/Server/TWorldSvrAsio/tests/test_monthrank_handlers.cpp:291 w == ToUint16(MessageId::MW_WARLORDSAY_REQ)
FAIL /src/Server/TWorldSvrAsio/tests/test_monthrank_handlers.cpp:297 type == 1
FAIL /src/Server/TWorldSvrAsio/tests/test_monthrank_handlers.cpp:298 month == 7
FAIL /src/Server/TWorldSvrAsio/tests/test_monthrank_handlers.cpp:299 cid == 111
FAIL /src/Server/TWorldSvrAsio/tests/test_monthrank_handlers.cpp:300 say == "kneel before Defugel"
[2026-10-09 02:19:57.133] [info] OnSmDelSessionReq[127.0.0.1]: map wID=0x0442 teardown — 1 char(s) closed, current-user clear skipped (no DB)
[2026-10-09 02:19:57.133] [info] world_server: wID=1090 unregistered from peer registry
[2026-10-09 02:19:57.133] [info] world_server: peer 127.0.0.1 disconnected
FAIL test_tworldsvr_asio_monthrank_handlers (5 failures)

        Start 162: tworldsvr_asio_itemtools_handlers
162/195 Test #162: tworldsvr_asio_itemtools_handlers ..............   Passed    0.13 sec
        Start 163: tworldsvr_asio_apex_stub_handlers
163/195 Test #163: tworldsvr_asio_apex_stub_handlers ..............   Passed    0.09 sec
        Start 164: tworldsvr_asio_service_plane_handlers
164/195 Test #164: tworldsvr_asio_service_plane_handlers ..........   Passed    0.23 sec
        Start 165: tworldsvr_asio_cashsale_confirm_handlers
165/195 Test #165: tworldsvr_asio_cashsale_confirm_handlers .......   Passed    0.24 sec
        Start 166: tworldsvr_asio_itemstate_handlers
166/195 Test #166: tworldsvr_asio_itemstate_handlers ..............   Passed    0.10 sec
        Start 167: tworldsvr_asio_combat_handlers
167/195 Test #167: tworldsvr_asio_combat_handlers .................   Passed    0.08 sec
        Start 168: tworldsvr_asio_monresult_handlers
168/195 Test #168: tworldsvr_asio_monresult_handlers ..............   Passed    0.08 sec
        Start 169: tworldsvr_asio_solomap_handlers
169/195 Test #169: tworldsvr_asio_solomap_handlers ................***Failed    1.06 sec
[2026-10-09 02:19:58.121] [info] world_server: accept from 127.0.0.1
[2026-10-09 02:19:58.121] [info] world_server: accept from 127.0.0.1
[2026-10-09 02:19:58.141] [info] OnRelaysvrReq[127.0.0.1]: wID=66 registered as map peer (nation=0, registry_size=1)
[2026-10-09 02:19:58.141] [info] OnRelaysvrReq[127.0.0.1]: wID=67 registered as map peer (nation=0, registry_size=2)
[2026-10-09 02:19:58.141] [info] OnRelaysvrReq[127.0.0.1]: broadcast RELAYCONNECT to 1 other peer(s)
[2026-10-09 02:19:58.141] [info] OnAddCharAck[127.0.0.1]: char_id=42 user_id=100 server_id=66 ip=1.0.0.127:33500 — registered (total=1, active_users=1)
FAIL /src/Server/TWorldSvrAsio/tests/test_solomap_handlers.cpp:160 w == ToUint16(MessageId::MW_ENTERSOLOMAP_REQ)
FAIL /src/Server/TWorldSvrAsio/tests/test_solomap_handlers.cpp:166 pid != 0
FAIL /src/Server/TWorldSvrAsio/tests/test_solomap_handlers.cpp:166 ptype == party::kObtainSolo
FAIL /src/Server/TWorldSvrAsio/tests/test_solomap_handlers.cpp:167 chief == 42
FAIL /src/Server/TWorldSvrAsio/tests/test_solomap_handlers.cpp:169 pid == pid_seen
FAIL test_tworldsvr_asio_solomap_handlers (5 failures)

        Start 170: tworldsvr_asio_charmsg_handlers
170/195 Test #170: tworldsvr_asio_charmsg_handlers ................   Passed    0.08 sec
        Start 171: tworldsvr_asio_friend_protected_handlers
171/195 Test #171: tworldsvr_asio_friend_protected_handlers .......   Passed    0.08 sec
        Start 172: tworldsvr_asio_item_handlers
172/195 Test #172: tworldsvr_asio_item_handlers ...................   Passed    0.13 sec
        Start 173: tworldsvr_asio_guildrank_handlers
173/195 Test #173: tworldsvr_asio_guildrank_handlers ..............   Passed    0.05 sec
        Start 174: tworldsvr_asio_admin_handlers
174/195 Test #174: tworldsvr_asio_admin_handlers ..................   Passed    0.08 sec
        Start 175: tworldsvr_asio_rank_handlers
175/195 Test #175: tworldsvr_asio_rank_handlers ...................   Passed    0.04 sec
        Start 176: tworldsvr_asio_recallmon_handlers
176/195 Test #176: tworldsvr_asio_recallmon_handlers ..............***Timeout  60.06 sec
[2026-10-09 02:19:59.657] [info] world_server: accept from 127.0.0.1
[2026-10-09 02:19:59.657] [info] world_server: accept from 127.0.0.1
[2026-10-09 02:19:59.677] [info] OnRelaysvrReq[127.0.0.1]: wID=66 registered as map peer (nation=0, registry_size=1)
[2026-10-09 02:19:59.677] [info] OnRelaysvrReq[127.0.0.1]: wID=67 registered as map peer (nation=0, registry_size=2)
[2026-10-09 02:19:59.677] [info] OnRelaysvrReq[127.0.0.1]: broadcast RELAYCONNECT to 1 other peer(s)
[2026-10-09 02:19:59.677] [info] OnAddCharAck[127.0.0.1]: char_id=42 user_id=100 server_id=66 ip=1.0.0.127:33500 — registered (total=1, active_users=1)
FAIL /src/Server/TWorldSvrAsio/tests/test_recallmon_handlers.cpp:155 w == ToUint16(MessageId::MW_CREATERECALLMON_REQ)
FAIL /src/Server/TWorldSvrAsio/tests/test_recallmon_handlers.cpp:160 mon != 0
FAIL /src/Server/TWorldSvrAsio/tests/test_recallmon_handlers.cpp:161 tail == 0xDEADBEEF
FAIL /src/Server/TWorldSvrAsio/tests/test_recallmon_handlers.cpp:163 mon == mon_seen

        Start 177: tworldsvr_asio_spolecnikmon_handlers
